Traceback (most recent call last):
  File "startbackend.py", line 62, in <module>
  File "C:\Users\amki003\AppData\Local\Temp\_MEI19842\backend\processor\settings.py", line 209, in <module>
    APP_LOGGER = Logger()
  File "C:\Users\amki003\AppData\Local\Temp\_MEI19842\backend\processor\logger.py", line 26, in __init__
    self._setup_logger()
  File "C:\Users\amki003\AppData\Local\Temp\_MEI19842\backend\processor\logger.py", line 32, in _setup_logger
    log_dir = os.path.abspath(os.path.join(settings.BASE_DIR, "..", os.getenv("LOGGER_DIRECTORY", "logs")))
  File "django\conf\__init__.py", line 81, in __getattr__
    self._setup(name)
  File "django\conf\__init__.py", line 61, in _setup
    raise ImproperlyConfigured(
django.core.exceptions.ImproperlyConfigured: Requested setting BASE_DIR, but settings are not configured. You must either define the environment variable DJANGO_SETTINGS_MODULE or call settings.configure() before accessing settings.
